to check: 23677 (already done 182, total eligible 23677)
200/23677 22s {"candidate:unreachable":78,"candidate:drop":114,"candidate:keep-candidate":8}
400/23677 45s {"candidate:unreachable":155,"candidate:drop":221,"candidate:keep-candidate":23,"candidate:confirm":1}
600/23677 81s {"candidate:unreachable":249,"candidate:drop":316,"candidate:keep-candidate":33,"candidate:confirm":1,"candidate:confirm-weak":1}
800/23677 110s {"candidate:unreachable":336,"candidate:drop":422,"candidate:keep-candidate":40,"candidate:confirm":1,"candidate:confirm-weak":1}
1000/23677 139s {"candidate:unreachable":387,"candidate:drop":563,"candidate:keep-candidate":48,"candidate:confirm":1,"candidate:confirm-weak":1}
1200/23677 183s {"candidate:unreachable":457,"candidate:drop":682,"candidate:keep-candidate":58,"candidate:confirm":2,"candidate:confirm-weak":1}
1400/23677 210s {"candidate:unreachable":501,"candidate:drop":826,"candidate:keep-candidate":70,"candidate:confirm":2,"candidate:confirm-weak":1}
1600/23677 238s {"candidate:unreachable":572,"candidate:drop":947,"candidate:keep-candidate":76,"candidate:confirm":2,"candidate:confirm-weak":3}
1800/23677 267s {"candidate:unreachable":639,"candidate:drop":1070,"candidate:keep-candidate":86,"candidate:confirm":2,"candidate:confirm-weak":3}
2000/23677 295s {"candidate:unreachable":697,"candidate:drop":1198,"candidate:keep-candidate":100,"candidate:confirm":2,"candidate:confirm-weak":3}
2200/23677 320s {"candidate:unreachable":768,"candidate:drop":1315,"candidate:keep-candidate":111,"candidate:confirm":3,"candidate:confirm-weak":3}
2400/23677 347s {"candidate:unreachable":816,"candidate:drop":1447,"candidate:keep-candidate":126,"candidate:confirm":4,"candidate:confirm-weak":7}
2600/23677 391s {"candidate:unreachable":856,"candidate:drop":1525,"candidate:keep-candidate":133,"candidate:confirm":4,"candidate:confirm-weak":82}
2800/23677 425s {"candidate:unreachable":921,"candidate:drop":1644,"candidate:keep-candidate":137,"candidate:confirm":6,"candidate:confirm-weak":92}
3000/23677 460s {"candidate:unreachable":981,"candidate:drop":1773,"candidate:keep-candidate":147,"candidate:confirm":6,"candidate:confirm-weak":93}
3200/23677 492s {"candidate:unreachable":1042,"candidate:drop":1906,"candidate:keep-candidate":153,"candidate:confirm":6,"candidate:confirm-weak":93}
3400/23677 519s {"candidate:unreachable":1090,"candidate:drop":2050,"candidate:keep-candidate":161,"candidate:confirm":6,"candidate:confirm-weak":93}
3600/23677 541s {"candidate:unreachable":1159,"candidate:drop":2176,"candidate:keep-candidate":165,"candidate:confirm":7,"candidate:confirm-weak":93}
3800/23677 571s {"candidate:unreachable":1216,"candidate:drop":2310,"candidate:keep-candidate":174,"candidate:confirm":7,"candidate:confirm-weak":93}
4000/23677 596s {"candidate:unreachable":1277,"candidate:drop":2431,"candidate:keep-candidate":186,"candidate:confirm":7,"candidate:confirm-weak":93,"confirmed:ok":4,"confirmed:unreachable":1,"confirmed:no-signal":1}
4200/23677 630s {"candidate:unreachable":1279,"candidate:drop":2437,"candidate:keep-candidate":187,"candidate:confirm":7,"candidate:confirm-weak":93,"confirmed:ok":153,"confirmed:unreachable":21,"confirmed:no-signal":11,"confirmed:empty":12}
4400/23677 664s {"candidate:unreachable":1279,"candidate:drop":2437,"candidate:keep-candidate":187,"candidate:confirm":7,"candidate:confirm-weak":93,"confirmed:ok":311,"confirmed:unreachable":39,"confirmed:no-signal":25,"confirmed:empty":22}
4600/23677 691s {"candidate:unreachable":1279,"candidate:drop":2437,"candidate:keep-candidate":187,"candidate:confirm":7,"candidate:confirm-weak":93,"confirmed:ok":450,"confirmed:unreachable":73,"confirmed:no-signal":41,"confirmed:empty":33}
4800/23677 716s {"candidate:unreachable":1279,"candidate:drop":2437,"candidate:keep-candidate":187,"candidate:confirm":7,"candidate:confirm-weak":93,"confirmed:ok":597,"confirmed:unreachable":103,"confirmed:no-signal":55,"confirmed:empty":42}
5000/23677 745s {"candidate:unreachable":1279,"candidate:drop":2437,"candidate:keep-candidate":187,"candidate:confirm":7,"candidate:confirm-weak":93,"confirmed:ok":750,"confirmed:unreachable":130,"confirmed:no-signal":72,"confirmed:empty":45}
5200/23677 775s {"candidate:unreachable":1279,"candidate:drop":2437,"candidate:keep-candidate":187,"candidate:confirm":7,"candidate:confirm-weak":93,"confirmed:ok":910,"confirmed:unreachable":144,"confirmed:no-signal":92,"confirmed:empty":51}
5400/23677 810s {"candidate:unreachable":1279,"candidate:drop":2437,"candidate:keep-candidate":187,"candidate:confirm":7,"candidate:confirm-weak":93,"confirmed:ok":1055,"confirmed:unreachable":174,"confirmed:no-signal":107,"confirmed:empty":61}
5600/23677 844s {"candidate:unreachable":1279,"candidate:drop":2437,"candidate:keep-candidate":187,"candidate:confirm":7,"candidate:confirm-weak":93,"confirmed:ok":1202,"confirmed:unreachable":204,"confirmed:no-signal":122,"confirmed:empty":69}
5800/23677 909s {"candidate:unreachable":1279,"candidate:drop":2437,"candidate:keep-candidate":187,"candidate:confirm":7,"candidate:confirm-weak":93,"confirmed:ok":1341,"confirmed:unreachable":247,"confirmed:no-signal":136,"confirmed:empty":73}
6000/23677 945s {"candidate:unreachable":1279,"candidate:drop":2437,"candidate:keep-candidate":187,"candidate:confirm":7,"candidate:confirm-weak":93,"confirmed:ok":1503,"confirmed:unreachable":268,"confirmed:no-signal":147,"confirmed:empty":79}
6200/23677 983s {"candidate:unreachable":1279,"candidate:drop":2437,"candidate:keep-candidate":187,"candidate:confirm":7,"candidate:confirm-weak":93,"confirmed:ok":1656,"confirmed:unreachable":295,"confirmed:no-signal":155,"confirmed:empty":91}
6400/23677 1022s {"candidate:unreachable":1279,"candidate:drop":2437,"candidate:keep-candidate":187,"candidate:confirm":7,"candidate:confirm-weak":93,"confirmed:ok":1792,"confirmed:unreachable":333,"confirmed:no-signal":169,"confirmed:empty":102,"confirmed:parked":1}
6600/23677 1083s {"candidate:unreachable":1279,"candidate:drop":2437,"candidate:keep-candidate":187,"candidate:confirm":7,"candidate:confirm-weak":93,"confirmed:ok":1935,"confirmed:unreachable":373,"confirmed:no-signal":179,"confirmed:empty":109,"confirmed:parked":1}
6800/23677 1143s {"candidate:unreachable":1279,"candidate:drop":2437,"candidate:keep-candidate":187,"candidate:confirm":7,"candidate:confirm-weak":93,"confirmed:ok":2081,"confirmed:unreachable":411,"confirmed:no-signal":191,"confirmed:empty":113,"confirmed:parked":1}
7000/23677 1213s {"candidate:unreachable":1279,"candidate:drop":2437,"candidate:keep-candidate":187,"candidate:confirm":7,"candidate:confirm-weak":93,"confirmed:ok":2232,"confirmed:unreachable":437,"confirmed:no-signal":203,"confirmed:empty":123,"confirmed:parked":2}
7200/23677 1280s {"candidate:unreachable":1279,"candidate:drop":2437,"candidate:keep-candidate":187,"candidate:confirm":7,"candidate:confirm-weak":93,"confirmed:ok":2376,"confirmed:unreachable":474,"confirmed:no-signal":212,"confirmed:empty":133,"confirmed:parked":2}
7400/23677 1342s {"candidate:unreachable":1279,"candidate:drop":2437,"candidate:keep-candidate":187,"candidate:confirm":7,"candidate:confirm-weak":93,"confirmed:ok":2508,"confirmed:unreachable":519,"confirmed:no-signal":224,"confirmed:empty":144,"confirmed:parked":2}
7600/23677 1413s {"candidate:unreachable":1279,"candidate:drop":2437,"candidate:keep-candidate":187,"candidate:confirm":7,"candidate:confirm-weak":93,"confirmed:ok":2631,"confirmed:unreachable":572,"confirmed:no-signal":233,"confirmed:empty":159,"confirmed:parked":2}
7800/23677 1457s {"candidate:unreachable":1279,"candidate:drop":2437,"candidate:keep-candidate":187,"candidate:confirm":7,"candidate:confirm-weak":93,"confirmed:ok":2779,"confirmed:unreachable":603,"confirmed:no-signal":247,"confirmed:empty":166,"confirmed:parked":2}
8000/23677 1496s {"candidate:unreachable":1279,"candidate:drop":2437,"candidate:keep-candidate":187,"candidate:confirm":7,"candidate:confirm-weak":93,"confirmed:ok":2932,"confirmed:unreachable":625,"confirmed:no-signal":264,"confirmed:empty":174,"confirmed:parked":2}
8200/23677 1530s {"candidate:unreachable":1279,"candidate:drop":2437,"candidate:keep-candidate":187,"candidate:confirm":7,"candidate:confirm-weak":93,"confirmed:ok":3080,"confirmed:unreachable":652,"confirmed:no-signal":279,"confirmed:empty":184,"confirmed:parked":2}
8400/23677 1571s {"candidate:unreachable":1279,"candidate:drop":2437,"candidate:keep-candidate":187,"candidate:confirm":7,"candidate:confirm-weak":93,"confirmed:ok":3225,"confirmed:unreachable":689,"confirmed:no-signal":289,"confirmed:empty":192,"confirmed:parked":2}
8600/23677 1615s {"candidate:unreachable":1279,"candidate:drop":2437,"candidate:keep-candidate":187,"candidate:confirm":7,"candidate:confirm-weak":93,"confirmed:ok":3378,"confirmed:unreachable":719,"confirmed:no-signal":295,"confirmed:empty":203,"confirmed:parked":2}
8800/23677 1648s {"candidate:unreachable":1279,"candidate:drop":2437,"candidate:keep-candidate":187,"candidate:confirm":7,"candidate:confirm-weak":93,"confirmed:ok":3541,"confirmed:unreachable":729,"confirmed:no-signal":313,"confirmed:empty":212,"confirmed:parked":2}
9000/23677 1705s {"candidate:unreachable":1279,"candidate:drop":2437,"candidate:keep-candidate":187,"candidate:confirm":7,"candidate:confirm-weak":93,"confirmed:ok":3672,"confirmed:unreachable":781,"confirmed:no-signal":324,"confirmed:empty":218,"confirmed:parked":2}
9200/23677 1798s {"candidate:unreachable":1279,"candidate:drop":2437,"candidate:keep-candidate":187,"candidate:confirm":7,"candidate:confirm-weak":93,"confirmed:ok":3772,"confirmed:unreachable":868,"confirmed:no-signal":332,"confirmed:empty":223,"confirmed:parked":2}
9400/23677 1847s {"candidate:unreachable":1279,"candidate:drop":2437,"candidate:keep-candidate":187,"candidate:confirm":7,"candidate:confirm-weak":93,"confirmed:ok":3775,"confirmed:unreachable":1064,"confirmed:no-signal":333,"confirmed:empty":223,"confirmed:parked":2}
9600/23677 1855s {"candidate:unreachable":1279,"candidate:drop":2437,"candidate:keep-candidate":187,"candidate:confirm":7,"candidate:confirm-weak":93,"confirmed:ok":3775,"confirmed:unreachable":1264,"confirmed:no-signal":333,"confirmed:empty":223,"confirmed:parked":2}
9800/23677 1863s {"candidate:unreachable":1279,"candidate:drop":2437,"candidate:keep-candidate":187,"candidate:confirm":7,"candidate:confirm-weak":93,"confirmed:ok":3775,"confirmed:unreachable":1464,"confirmed:no-signal":333,"confirmed:empty":223,"confirmed:parked":2}
10000/23677 1868s {"candidate:unreachable":1279,"candidate:drop":2437,"candidate:keep-candidate":187,"candidate:confirm":7,"candidate:confirm-weak":93,"confirmed:ok":3775,"confirmed:unreachable":1664,"confirmed:no-signal":333,"confirmed:empty":223,"confirmed:parked":2}
10200/23677 1873s {"candidate:unreachable":1279,"candidate:drop":2437,"candidate:keep-candidate":187,"candidate:confirm":7,"candidate:confirm-weak":93,"confirmed:ok":3775,"confirmed:unreachable":1864,"confirmed:no-signal":333,"confirmed:empty":223,"confirmed:parked":2}
10400/23677 1896s {"candidate:unreachable":1279,"candidate:drop":2437,"candidate:keep-candidate":187,"candidate:confirm":7,"candidate:confirm-weak":93,"confirmed:ok":3775,"confirmed:unreachable":2064,"confirmed:no-signal":333,"confirmed:empty":223,"confirmed:parked":2}
10600/23677 1899s {"candidate:unreachable":1279,"candidate:drop":2437,"candidate:keep-candidate":187,"candidate:confirm":7,"candidate:confirm-weak":93,"confirmed:ok":3775,"confirmed:unreachable":2264,"confirmed:no-signal":333,"confirmed:empty":223,"confirmed:parked":2}
10800/23677 1902s {"candidate:unreachable":1279,"candidate:drop":2437,"candidate:keep-candidate":187,"candidate:confirm":7,"candidate:confirm-weak":93,"confirmed:ok":3775,"confirmed:unreachable":2464,"confirmed:no-signal":333,"confirmed:empty":223,"confirmed:parked":2}
11000/23677 1905s {"candidate:unreachable":1279,"candidate:drop":2437,"candidate:keep-candidate":187,"candidate:confirm":7,"candidate:confirm-weak":93,"confirmed:ok":3775,"confirmed:unreachable":2664,"confirmed:no-signal":333,"confirmed:empty":223,"confirmed:parked":2}
11200/23677 1915s {"candidate:unreachable":1279,"candidate:drop":2437,"candidate:keep-candidate":187,"candidate:confirm":7,"candidate:confirm-weak":93,"confirmed:ok":3775,"confirmed:unreachable":2864,"confirmed:no-signal":333,"confirmed:empty":223,"confirmed:parked":2}
11400/23677 1921s {"candidate:unreachable":1279,"candidate:drop":2437,"candidate:keep-candidate":187,"candidate:confirm":7,"candidate:confirm-weak":93,"confirmed:ok":3775,"confirmed:unreachable":3064,"confirmed:no-signal":333,"confirmed:empty":223,"confirmed:parked":2}
11600/23677 1926s {"candidate:unreachable":1279,"candidate:drop":2437,"candidate:keep-candidate":187,"candidate:confirm":7,"candidate:confirm-weak":93,"confirmed:ok":3775,"confirmed:unreachable":3264,"confirmed:no-signal":333,"confirmed:empty":223,"confirmed:parked":2}
11800/23677 1946s {"candidate:unreachable":1279,"candidate:drop":2437,"candidate:keep-candidate":187,"candidate:confirm":7,"candidate:confirm-weak":93,"confirmed:ok":3775,"confirmed:unreachable":3464,"confirmed:no-signal":333,"confirmed:empty":223,"confirmed:parked":2}
12000/23677 1949s {"candidate:unreachable":1279,"candidate:drop":2437,"candidate:keep-candidate":187,"candidate:confirm":7,"candidate:confirm-weak":93,"confirmed:ok":3775,"confirmed:unreachable":3664,"confirmed:no-signal":333,"confirmed:empty":223,"confirmed:parked":2}
12200/23677 1952s {"candidate:unreachable":1279,"candidate:drop":2437,"candidate:keep-candidate":187,"candidate:confirm":7,"candidate:confirm-weak":93,"confirmed:ok":3775,"confirmed:unreachable":3864,"confirmed:no-signal":333,"confirmed:empty":223,"confirmed:parked":2}
12400/23677 1955s {"candidate:unreachable":1279,"candidate:drop":2437,"candidate:keep-candidate":187,"candidate:confirm":7,"candidate:confirm-weak":93,"confirmed:ok":3775,"confirmed:unreachable":4064,"confirmed:no-signal":333,"confirmed:empty":223,"confirmed:parked":2}
12600/23677 1964s {"candidate:unreachable":1279,"candidate:drop":2437,"candidate:keep-candidate":187,"candidate:confirm":7,"candidate:confirm-weak":93,"confirmed:ok":3775,"confirmed:unreachable":4264,"confirmed:no-signal":333,"confirmed:empty":223,"confirmed:parked":2}
12800/23677 1969s {"candidate:unreachable":1279,"candidate:drop":2437,"candidate:keep-candidate":187,"candidate:confirm":7,"candidate:confirm-weak":93,"confirmed:ok":3775,"confirmed:unreachable":4464,"confirmed:no-signal":333,"confirmed:empty":223,"confirmed:parked":2}
13000/23677 1974s {"candidate:unreachable":1279,"candidate:drop":2437,"candidate:keep-candidate":187,"candidate:confirm":7,"candidate:confirm-weak":93,"confirmed:ok":3775,"confirmed:unreachable":4664,"confirmed:no-signal":333,"confirmed:empty":223,"confirmed:parked":2}
13200/23677 1979s {"candidate:unreachable":1279,"candidate:drop":2437,"candidate:keep-candidate":187,"candidate:confirm":7,"candidate:confirm-weak":93,"confirmed:ok":3775,"confirmed:unreachable":4864,"confirmed:no-signal":333,"confirmed:empty":223,"confirmed:parked":2}
13400/23677 1995s {"candidate:unreachable":1279,"candidate:drop":2437,"candidate:keep-candidate":187,"candidate:confirm":7,"candidate:confirm-weak":93,"confirmed:ok":3775,"confirmed:unreachable":5064,"confirmed:no-signal":333,"confirmed:empty":223,"confirmed:parked":2}
13600/23677 1998s {"candidate:unreachable":1279,"candidate:drop":2437,"candidate:keep-candidate":187,"candidate:confirm":7,"candidate:confirm-weak":93,"confirmed:ok":3775,"confirmed:unreachable":5264,"confirmed:no-signal":333,"confirmed:empty":223,"confirmed:parked":2}
13800/23677 2001s {"candidate:unreachable":1279,"candidate:drop":2437,"candidate:keep-candidate":187,"candidate:confirm":7,"candidate:confirm-weak":93,"confirmed:ok":3775,"confirmed:unreachable":5464,"confirmed:no-signal":333,"confirmed:empty":223,"confirmed:parked":2}
14000/23677 2004s {"candidate:unreachable":1279,"candidate:drop":2437,"candidate:keep-candidate":187,"candidate:confirm":7,"candidate:confirm-weak":93,"confirmed:ok":3775,"confirmed:unreachable":5664,"confirmed:no-signal":333,"confirmed:empty":223,"confirmed:parked":2}
14200/23677 2014s {"candidate:unreachable":1279,"candidate:drop":2437,"candidate:keep-candidate":187,"candidate:confirm":7,"candidate:confirm-weak":93,"confirmed:ok":3775,"confirmed:unreachable":5864,"confirmed:no-signal":333,"confirmed:empty":223,"confirmed:parked":2}
14400/23677 2020s {"candidate:unreachable":1279,"candidate:drop":2437,"candidate:keep-candidate":187,"candidate:confirm":7,"candidate:confirm-weak":93,"confirmed:ok":3775,"confirmed:unreachable":6064,"confirmed:no-signal":333,"confirmed:empty":223,"confirmed:parked":2}
14600/23677 2025s {"candidate:unreachable":1279,"candidate:drop":2437,"candidate:keep-candidate":187,"candidate:confirm":7,"candidate:confirm-weak":93,"confirmed:ok":3775,"confirmed:unreachable":6264,"confirmed:no-signal":333,"confirmed:empty":223,"confirmed:parked":2}
14800/23677 2057s {"candidate:unreachable":1279,"candidate:drop":2437,"candidate:keep-candidate":187,"candidate:confirm":7,"candidate:confirm-weak":93,"confirmed:ok":3775,"confirmed:unreachable":6464,"confirmed:no-signal":333,"confirmed:empty":223,"confirmed:parked":2}
15000/23677 2060s {"candidate:unreachable":1279,"candidate:drop":2437,"candidate:keep-candidate":187,"candidate:confirm":7,"candidate:confirm-weak":93,"confirmed:ok":3775,"confirmed:unreachable":6664,"confirmed:no-signal":333,"confirmed:empty":223,"confirmed:parked":2}
15200/23677 2063s {"candidate:unreachable":1279,"candidate:drop":2437,"candidate:keep-candidate":187,"candidate:confirm":7,"candidate:confirm-weak":93,"confirmed:ok":3775,"confirmed:unreachable":6864,"confirmed:no-signal":333,"confirmed:empty":223,"confirmed:parked":2}
15400/23677 2065s {"candidate:unreachable":1279,"candidate:drop":2437,"candidate:keep-candidate":187,"candidate:confirm":7,"candidate:confirm-weak":93,"confirmed:ok":3775,"confirmed:unreachable":7064,"confirmed:no-signal":333,"confirmed:empty":223,"confirmed:parked":2}
15600/23677 2068s {"candidate:unreachable":1279,"candidate:drop":2437,"candidate:keep-candidate":187,"candidate:confirm":7,"candidate:confirm-weak":93,"confirmed:ok":3775,"confirmed:unreachable":7264,"confirmed:no-signal":333,"confirmed:empty":223,"confirmed:parked":2}
15800/23677 2079s {"candidate:unreachable":1279,"candidate:drop":2437,"candidate:keep-candidate":187,"candidate:confirm":7,"candidate:confirm-weak":93,"confirmed:ok":3775,"confirmed:unreachable":7464,"confirmed:no-signal":333,"confirmed:empty":223,"confirmed:parked":2}
16000/23677 2083s {"candidate:unreachable":1279,"candidate:drop":2437,"candidate:keep-candidate":187,"candidate:confirm":7,"candidate:confirm-weak":93,"confirmed:ok":3775,"confirmed:unreachable":7664,"confirmed:no-signal":333,"confirmed:empty":223,"confirmed:parked":2}
16200/23677 2089s {"candidate:unreachable":1279,"candidate:drop":2437,"candidate:keep-candidate":187,"candidate:confirm":7,"candidate:confirm-weak":93,"confirmed:ok":3775,"confirmed:unreachable":7864,"confirmed:no-signal":333,"confirmed:empty":223,"confirmed:parked":2}
16400/23677 2116s {"candidate:unreachable":1279,"candidate:drop":2437,"candidate:keep-candidate":187,"candidate:confirm":7,"candidate:confirm-weak":93,"confirmed:ok":3775,"confirmed:unreachable":8064,"confirmed:no-signal":333,"confirmed:empty":223,"confirmed:parked":2}
16600/23677 2119s {"candidate:unreachable":1279,"candidate:drop":2437,"candidate:keep-candidate":187,"candidate:confirm":7,"candidate:confirm-weak":93,"confirmed:ok":3775,"confirmed:unreachable":8264,"confirmed:no-signal":333,"confirmed:empty":223,"confirmed:parked":2}
16800/23677 2122s {"candidate:unreachable":1279,"candidate:drop":2437,"candidate:keep-candidate":187,"candidate:confirm":7,"candidate:confirm-weak":93,"confirmed:ok":3775,"confirmed:unreachable":8464,"confirmed:no-signal":333,"confirmed:empty":223,"confirmed:parked":2}
17000/23677 2124s {"candidate:unreachable":1279,"candidate:drop":2437,"candidate:keep-candidate":187,"candidate:confirm":7,"candidate:confirm-weak":93,"confirmed:ok":3775,"confirmed:unreachable":8664,"confirmed:no-signal":333,"confirmed:empty":223,"confirmed:parked":2}
17200/23677 2128s {"candidate:unreachable":1279,"candidate:drop":2437,"candidate:keep-candidate":187,"candidate:confirm":7,"candidate:confirm-weak":93,"confirmed:ok":3775,"confirmed:unreachable":8864,"confirmed:no-signal":333,"confirmed:empty":223,"confirmed:parked":2}
17400/23677 2139s {"candidate:unreachable":1279,"candidate:drop":2437,"candidate:keep-candidate":187,"candidate:confirm":7,"candidate:confirm-weak":93,"confirmed:ok":3775,"confirmed:unreachable":9064,"confirmed:no-signal":333,"confirmed:empty":223,"confirmed:parked":2}
17600/23677 2144s {"candidate:unreachable":1279,"candidate:drop":2437,"candidate:keep-candidate":187,"candidate:confirm":7,"candidate:confirm-weak":93,"confirmed:ok":3775,"confirmed:unreachable":9264,"confirmed:no-signal":333,"confirmed:empty":223,"confirmed:parked":2}
17800/23677 2149s {"candidate:unreachable":1279,"candidate:drop":2437,"candidate:keep-candidate":187,"candidate:confirm":7,"candidate:confirm-weak":93,"confirmed:ok":3775,"confirmed:unreachable":9464,"confirmed:no-signal":333,"confirmed:empty":223,"confirmed:parked":2}
18000/23677 2176s {"candidate:unreachable":1279,"candidate:drop":2437,"candidate:keep-candidate":187,"candidate:confirm":7,"candidate:confirm-weak":93,"confirmed:ok":3775,"confirmed:unreachable":9664,"confirmed:no-signal":333,"confirmed:empty":223,"confirmed:parked":2}
18200/23677 2179s {"candidate:unreachable":1279,"candidate:drop":2437,"candidate:keep-candidate":187,"candidate:confirm":7,"candidate:confirm-weak":93,"confirmed:ok":3775,"confirmed:unreachable":9864,"confirmed:no-signal":333,"confirmed:empty":223,"confirmed:parked":2}
18400/23677 2181s {"candidate:unreachable":1279,"candidate:drop":2437,"candidate:keep-candidate":187,"candidate:confirm":7,"candidate:confirm-weak":93,"confirmed:ok":3775,"confirmed:unreachable":10064,"confirmed:no-signal":333,"confirmed:empty":223,"confirmed:parked":2}
18600/23677 2183s {"candidate:unreachable":1279,"candidate:drop":2437,"candidate:keep-candidate":187,"candidate:confirm":7,"candidate:confirm-weak":93,"confirmed:ok":3775,"confirmed:unreachable":10264,"confirmed:no-signal":333,"confirmed:empty":223,"confirmed:parked":2}
18800/23677 2187s {"candidate:unreachable":1279,"candidate:drop":2437,"candidate:keep-candidate":187,"candidate:confirm":7,"candidate:confirm-weak":93,"confirmed:ok":3775,"confirmed:unreachable":10464,"confirmed:no-signal":333,"confirmed:empty":223,"confirmed:parked":2}
19000/23677 2197s {"candidate:unreachable":1279,"candidate:drop":2437,"candidate:keep-candidate":187,"candidate:confirm":7,"candidate:confirm-weak":93,"confirmed:ok":3775,"confirmed:unreachable":10664,"confirmed:no-signal":333,"confirmed:empty":223,"confirmed:parked":2}
19200/23677 2202s {"candidate:unreachable":1279,"candidate:drop":2437,"candidate:keep-candidate":187,"candidate:confirm":7,"candidate:confirm-weak":93,"confirmed:ok":3775,"confirmed:unreachable":10864,"confirmed:no-signal":333,"confirmed:empty":223,"confirmed:parked":2}
19400/23677 2207s {"candidate:unreachable":1279,"candidate:drop":2437,"candidate:keep-candidate":187,"candidate:confirm":7,"candidate:confirm-weak":93,"confirmed:ok":3775,"confirmed:unreachable":11064,"confirmed:no-signal":333,"confirmed:empty":223,"confirmed:parked":2}
19600/23677 3842s {"candidate:unreachable":1279,"candidate:drop":2437,"candidate:keep-candidate":187,"candidate:confirm":7,"candidate:confirm-weak":93,"confirmed:ok":3775,"confirmed:unreachable":11264,"confirmed:no-signal":333,"confirmed:empty":223,"confirmed:parked":2}
19800/23677 3845s {"candidate:unreachable":1279,"candidate:drop":2437,"candidate:keep-candidate":187,"candidate:confirm":7,"candidate:confirm-weak":93,"confirmed:ok":3775,"confirmed:unreachable":11464,"confirmed:no-signal":333,"confirmed:empty":223,"confirmed:parked":2}
20000/23677 3847s {"candidate:unreachable":1279,"candidate:drop":2437,"candidate:keep-candidate":187,"candidate:confirm":7,"candidate:confirm-weak":93,"confirmed:ok":3786,"confirmed:unreachable":11648,"confirmed:no-signal":337,"confirmed:empty":224,"confirmed:parked":2}
20200/23677 3881s {"candidate:unreachable":1279,"candidate:drop":2437,"candidate:keep-candidate":187,"candidate:confirm":7,"candidate:confirm-weak":93,"confirmed:ok":3943,"confirmed:unreachable":11675,"confirmed:no-signal":345,"confirmed:empty":232,"confirmed:parked":2}
20400/23677 3912s {"candidate:unreachable":1279,"candidate:drop":2437,"candidate:keep-candidate":187,"candidate:confirm":7,"candidate:confirm-weak":93,"confirmed:ok":4099,"confirmed:unreachable":11693,"confirmed:no-signal":361,"confirmed:empty":242,"confirmed:parked":2}
20600/23677 3943s {"candidate:unreachable":1279,"candidate:drop":2437,"candidate:keep-candidate":187,"candidate:confirm":7,"candidate:confirm-weak":93,"confirmed:ok":4269,"confirmed:unreachable":11703,"confirmed:no-signal":373,"confirmed:empty":250,"confirmed:parked":2}
20800/23677 3984s {"candidate:unreachable":1279,"candidate:drop":2437,"candidate:keep-candidate":187,"candidate:confirm":7,"candidate:confirm-weak":93,"confirmed:ok":4423,"confirmed:unreachable":11721,"confirmed:no-signal":394,"confirmed:empty":257,"confirmed:parked":2}
21000/23677 4039s {"candidate:unreachable":1279,"candidate:drop":2437,"candidate:keep-candidate":187,"candidate:confirm":7,"candidate:confirm-weak":93,"confirmed:ok":4572,"confirmed:unreachable":11748,"confirmed:no-signal":410,"confirmed:empty":265,"confirmed:parked":2}
21200/23677 4073s {"candidate:unreachable":1279,"candidate:drop":2437,"candidate:keep-candidate":187,"candidate:confirm":7,"candidate:confirm-weak":93,"confirmed:ok":4722,"confirmed:unreachable":11769,"confirmed:no-signal":426,"confirmed:empty":278,"confirmed:parked":2}
21400/23677 4112s {"candidate:unreachable":1279,"candidate:drop":2437,"candidate:keep-candidate":187,"candidate:confirm":7,"candidate:confirm-weak":93,"confirmed:ok":4876,"confirmed:unreachable":11791,"confirmed:no-signal":443,"confirmed:empty":285,"confirmed:parked":2}
21600/23677 4180s {"candidate:unreachable":1279,"candidate:drop":2437,"candidate:keep-candidate":187,"candidate:confirm":7,"candidate:confirm-weak":93,"confirmed:ok":5010,"confirmed:unreachable":11830,"confirmed:no-signal":463,"confirmed:empty":291,"confirmed:parked":2,"confirmed:other-sector":1}
21800/23677 4235s {"candidate:unreachable":1279,"candidate:drop":2437,"candidate:keep-candidate":187,"candidate:confirm":7,"candidate:confirm-weak":93,"confirmed:ok":5152,"confirmed:unreachable":11865,"confirmed:no-signal":476,"confirmed:empty":301,"confirmed:parked":2,"confirmed:other-sector":1}
22000/23677 4311s {"candidate:unreachable":1279,"candidate:drop":2437,"candidate:keep-candidate":187,"candidate:confirm":7,"candidate:confirm-weak":93,"confirmed:ok":5276,"confirmed:unreachable":11912,"confirmed:no-signal":494,"confirmed:empty":312,"confirmed:parked":2,"confirmed:other-sector":1}
22200/23677 4383s {"candidate:unreachable":1279,"candidate:drop":2437,"candidate:keep-candidate":187,"candidate:confirm":7,"candidate:confirm-weak":93,"confirmed:ok":5419,"confirmed:unreachable":11949,"confirmed:no-signal":507,"confirmed:empty":319,"confirmed:parked":2,"confirmed:other-sector":1}
22400/23677 4460s {"candidate:unreachable":1279,"candidate:drop":2437,"candidate:keep-candidate":187,"candidate:confirm":7,"candidate:confirm-weak":93,"confirmed:ok":5543,"confirmed:unreachable":12004,"confirmed:no-signal":519,"confirmed:empty":328,"confirmed:parked":2,"confirmed:other-sector":1}
22600/23677 4536s {"candidate:unreachable":1279,"candidate:drop":2437,"candidate:keep-candidate":187,"candidate:confirm":7,"candidate:confirm-weak":93,"confirmed:ok":5689,"confirmed:unreachable":12038,"confirmed:no-signal":535,"confirmed:empty":332,"confirmed:parked":2,"confirmed:other-sector":1}
22800/23677 4613s {"candidate:unreachable":1279,"candidate:drop":2437,"candidate:keep-candidate":187,"candidate:confirm":7,"candidate:confirm-weak":93,"confirmed:ok":5819,"confirmed:unreachable":12084,"confirmed:no-signal":551,"confirmed:empty":339,"confirmed:parked":2,"confirmed:other-sector":2}
23000/23677 4674s {"candidate:unreachable":1279,"candidate:drop":2437,"candidate:keep-candidate":187,"candidate:confirm":7,"candidate:confirm-weak":93,"confirmed:ok":5946,"confirmed:unreachable":12126,"confirmed:no-signal":565,"confirmed:empty":356,"confirmed:parked":2,"confirmed:other-sector":2}
23200/23677 4732s {"candidate:unreachable":1279,"candidate:drop":2437,"candidate:keep-candidate":187,"candidate:confirm":7,"candidate:confirm-weak":93,"confirmed:ok":6105,"confirmed:unreachable":12149,"confirmed:no-signal":578,"confirmed:empty":361,"confirmed:parked":2,"confirmed:other-sector":2}
23400/23677 4776s {"candidate:unreachable":1279,"candidate:drop":2437,"candidate:keep-candidate":187,"candidate:confirm":7,"candidate:confirm-weak":93,"confirmed:ok":6266,"confirmed:unreachable":12165,"confirmed:no-signal":594,"confirmed:empty":368,"confirmed:parked":2,"confirmed:other-sector":2}
23600/23677 4814s {"candidate:unreachable":1279,"candidate:drop":2437,"candidate:keep-candidate":187,"candidate:confirm":7,"candidate:confirm-weak":93,"confirmed:ok":6415,"confirmed:unreachable":12190,"confirmed:no-signal":613,"confirmed:empty":375,"confirmed:parked":2,"confirmed:other-sector":2}
done 23677 {"candidate:unreachable":1279,"candidate:drop":2437,"candidate:keep-candidate":187,"candidate:confirm":7,"candidate:confirm-weak":93,"confirmed:ok":6470,"confirmed:unreachable":12202,"confirmed:no-signal":620,"confirmed:empty":378,"confirmed:parked":2,"confirmed:other-sector":2}
